Archive member included because of file (symbol)

d:/kds/toolchain/bin/../lib/gcc/arm-none-eabi/4.8.4/../../../../arm-none-eabi/lib/armv7e-m\libg_s.a(lib_a-exit.o)
                              d:/kds/toolchain/bin/../lib/gcc/arm-none-eabi/4.8.4/../../../../arm-none-eabi/lib/armv7e-m/crt0.o (exit)
d:/kds/toolchain/bin/../lib/gcc/arm-none-eabi/4.8.4/../../../../arm-none-eabi/lib/armv7e-m\libg_s.a(lib_a-impure.o)
                              d:/kds/toolchain/bin/../lib/gcc/arm-none-eabi/4.8.4/../../../../arm-none-eabi/lib/armv7e-m\libg_s.a(lib_a-exit.o) (_global_impure_ptr)
d:/kds/toolchain/bin/../lib/gcc/arm-none-eabi/4.8.4/../../../../arm-none-eabi/lib/armv7e-m\libg_s.a(lib_a-init.o)
                              d:/kds/toolchain/bin/../lib/gcc/arm-none-eabi/4.8.4/../../../../arm-none-eabi/lib/armv7e-m/crt0.o (__libc_init_array)
d:/kds/toolchain/bin/../lib/gcc/arm-none-eabi/4.8.4/../../../../arm-none-eabi/lib/armv7e-m\libg_s.a(lib_a-lcltime.o)
                              ./Sources/main.o (localtime)
d:/kds/toolchain/bin/../lib/gcc/arm-none-eabi/4.8.4/../../../../arm-none-eabi/lib/armv7e-m\libg_s.a(lib_a-lcltime_r.o)
                              d:/kds/toolchain/bin/../lib/gcc/arm-none-eabi/4.8.4/../../../../arm-none-eabi/lib/armv7e-m\libg_s.a(lib_a-lcltime.o) (localtime_r)
d:/kds/toolchain/bin/../lib/gcc/arm-none-eabi/4.8.4/../../../../arm-none-eabi/lib/armv7e-m\libg_s.a(lib_a-malloc.o)
                              d:/kds/toolchain/bin/../lib/gcc/arm-none-eabi/4.8.4/../../../../arm-none-eabi/lib/armv7e-m\libg_s.a(lib_a-lcltime.o) (malloc)
d:/kds/toolchain/bin/../lib/gcc/arm-none-eabi/4.8.4/../../../../arm-none-eabi/lib/armv7e-m\libg_s.a(lib_a-memset.o)
                              d:/kds/toolchain/bin/../lib/gcc/arm-none-eabi/4.8.4/../../../../arm-none-eabi/lib/armv7e-m/crt0.o (memset)
d:/kds/toolchain/bin/../lib/gcc/arm-none-eabi/4.8.4/../../../../arm-none-eabi/lib/armv7e-m\libg_s.a(lib_a-mktime.o)
                              ./Sources/main.o (mktime)
d:/kds/toolchain/bin/../lib/gcc/arm-none-eabi/4.8.4/../../../../arm-none-eabi/lib/armv7e-m\libg_s.a(lib_a-mktm_r.o)
                              d:/kds/toolchain/bin/../lib/gcc/arm-none-eabi/4.8.4/../../../../arm-none-eabi/lib/armv7e-m\libg_s.a(lib_a-mktime.o) (__tzcalc_limits)
d:/kds/toolchain/bin/../lib/gcc/arm-none-eabi/4.8.4/../../../../arm-none-eabi/lib/armv7e-m\libg_s.a(lib_a-nano-freer.o)
                              d:/kds/toolchain/bin/../lib/gcc/arm-none-eabi/4.8.4/../../../../arm-none-eabi/lib/armv7e-m\libg_s.a(lib_a-malloc.o) (_free_r)
d:/kds/toolchain/bin/../lib/gcc/arm-none-eabi/4.8.4/../../../../arm-none-eabi/lib/armv7e-m\libg_s.a(lib_a-nano-mallocr.o)
                              d:/kds/toolchain/bin/../lib/gcc/arm-none-eabi/4.8.4/../../../../arm-none-eabi/lib/armv7e-m\libg_s.a(lib_a-malloc.o) (_malloc_r)
d:/kds/toolchain/bin/../lib/gcc/arm-none-eabi/4.8.4/../../../../arm-none-eabi/lib/armv7e-m\libg_s.a(lib_a-sbrkr.o)
                              d:/kds/toolchain/bin/../lib/gcc/arm-none-eabi/4.8.4/../../../../arm-none-eabi/lib/armv7e-m\libg_s.a(lib_a-nano-mallocr.o) (_sbrk_r)
d:/kds/toolchain/bin/../lib/gcc/arm-none-eabi/4.8.4/../../../../arm-none-eabi/lib/armv7e-m\libg_s.a(lib_a-sscanf.o)
                              ./Sources/main.o (sscanf)
d:/kds/toolchain/bin/../lib/gcc/arm-none-eabi/4.8.4/../../../../arm-none-eabi/lib/armv7e-m\libg_s.a(lib_a-stdio.o)
                              d:/kds/toolchain/bin/../lib/gcc/arm-none-eabi/4.8.4/../../../../arm-none-eabi/lib/armv7e-m\libg_s.a(lib_a-sscanf.o) (__seofread)
d:/kds/toolchain/bin/../lib/gcc/arm-none-eabi/4.8.4/../../../../arm-none-eabi/lib/armv7e-m\libg_s.a(lib_a-strcmp.o)
                              ./Sources/main.o (strcmp)
d:/kds/toolchain/bin/../lib/gcc/arm-none-eabi/4.8.4/../../../../arm-none-eabi/lib/armv7e-m\libg_s.a(lib_a-strftime.o)
                              ./Sources/main.o (strftime)
d:/kds/toolchain/bin/../lib/gcc/arm-none-eabi/4.8.4/../../../../arm-none-eabi/lib/armv7e-m\libg_s.a(lib_a-strlen.o)
                              ./Sources/main.o (strlen)
d:/kds/toolchain/bin/../lib/gcc/arm-none-eabi/4.8.4/../../../../arm-none-eabi/lib/armv7e-m\libg_s.a(lib_a-strtoul.o)
                              d:/kds/toolchain/bin/../lib/gcc/arm-none-eabi/4.8.4/../../../../arm-none-eabi/lib/armv7e-m\libg_s.a(lib_a-strftime.o) (strtoul)
d:/kds/toolchain/bin/../lib/gcc/arm-none-eabi/4.8.4/../../../../arm-none-eabi/lib/armv7e-m\libg_s.a(lib_a-svfscanf.o)
                              d:/kds/toolchain/bin/../lib/gcc/arm-none-eabi/4.8.4/../../../../arm-none-eabi/lib/armv7e-m\libg_s.a(lib_a-sscanf.o) (__ssvfscanf_r)
d:/kds/toolchain/bin/../lib/gcc/arm-none-eabi/4.8.4/../../../../arm-none-eabi/lib/armv7e-m\libg_s.a(lib_a-timelocal.o)
                              d:/kds/toolchain/bin/../lib/gcc/arm-none-eabi/4.8.4/../../../../arm-none-eabi/lib/armv7e-m\libg_s.a(lib_a-strftime.o) (__get_current_time_locale)
[...]
Memory Configuration

Name             Origin             Length             Attributes
m_interrupts     0x00000000         0x00000400         xr
m_flash_config   0x00000400         0x00000010         xr
m_text           0x00000410         0x0007fbf0         xr
m_data           0x1fff0000         0x00010000         rw
m_data_2         0x20000000         0x00010000         rw
*default*        0x00000000         0xffffffff

Linker script and memory map

LOAD d:/kds/toolchain/bin/../lib/gcc/arm-none-eabi/4.8.4/armv7e-m/crti.o
LOAD d:/kds/toolchain/bin/../lib/gcc/arm-none-eabi/4.8.4/armv7e-m/crtbegin.o
LOAD d:/kds/toolchain/bin/../lib/gcc/arm-none-eabi/4.8.4/../../../../arm-none-eabi/lib/armv7e-m/crt0.o
LOAD ./Sources/main.o
LOAD ./Project_Settings/Startup_Code/startup_MK60D10.o
LOAD ./Project_Settings/Startup_Code/system_MK60D10.o
LOAD d:/kds/toolchain/bin/../lib/gcc/arm-none-eabi/4.8.4/../../../../arm-none-eabi/lib/armv7e-m\libstdc++_s.a
LOAD d:/kds/toolchain/bin/../lib/gcc/arm-none-eabi/4.8.4/../../../../arm-none-eabi/lib/armv7e-m\libm.a
START GROUP
LOAD d:/kds/toolchain/bin/../lib/gcc/arm-none-eabi/4.8.4/armv7e-m\libgcc.a
LOAD d:/kds/toolchain/bin/../lib/gcc/arm-none-eabi/4.8.4/../../../../arm-none-eabi/lib/armv7e-m\libg_s.a
LOAD d:/kds/toolchain/bin/../lib/gcc/arm-none-eabi/4.8.4/../../../../arm-none-eabi/lib/armv7e-m\libc_s.a
END GROUP
START GROUP
LOAD d:/kds/toolchain/bin/../lib/gcc/arm-none-eabi/4.8.4/armv7e-m\libgcc.a
LOAD d:/kds/toolchain/bin/../lib/gcc/arm-none-eabi/4.8.4/../../../../arm-none-eabi/lib/armv7e-m\libc_s.a
LOAD d:/kds/toolchain/bin/../lib/gcc/arm-none-eabi/4.8.4/../../../../arm-none-eabi/lib/armv7e-m\libnosys.a
END GROUP
START GROUP
LOAD d:/kds/toolchain/bin/../lib/gcc/arm-none-eabi/4.8.4/armv7e-m\libgcc.a
LOAD d:/kds/toolchain/bin/../lib/gcc/arm-none-eabi/4.8.4/../../../../arm-none-eabi/lib/armv7e-m\libc_s.a
LOAD d:/kds/toolchain/bin/../lib/gcc/arm-none-eabi/4.8.4/../../../../arm-none-eabi/lib/armv7e-m\libnosys.a
END GROUP
LOAD d:/kds/toolchain/bin/../lib/gcc/arm-none-eabi/4.8.4/armv7e-m/crtend.o
LOAD d:/kds/toolchain/bin/../lib/gcc/arm-none-eabi/4.8.4/armv7e-m/crtn.o
                0x00000400                HEAP_SIZE = DEFINED (__heap_size__)?__heap_size__:0x400
                0x00000400                STACK_SIZE = DEFINED (__stack_size__)?__stack_size__:0x400

.interrupts     0x00000000      0x400
                0x00000000                __VECTOR_TABLE = .
                0x00000000                . = ALIGN (0x4)
 *(.isr_vector)
 .isr_vector    0x00000000      0x400 ./Project_Settings/Startup_Code/startup_MK60D10.o
                0x00000000                __isr_vector
                0x00000400                . = ALIGN (0x4)

.flash_config   0x00000400       0x10
                0x00000400                . = ALIGN (0x4)
 *(.FlashConfig)
 .FlashConfig   0x00000400       0x10 ./Project_Settings/Startup_Code/startup_MK60D10.o
                0x00000410                . = ALIGN (0x4)

.text           0x00000410     0x3dc0
                0x00000410                . = ALIGN (0x4)
 *(.text)
 .text          0x00000410       0x54 d:/kds/toolchain/bin/../lib/gcc/arm-none-eabi/4.8.4/armv7e-m/crtbegin.o
 .text          0x00000464       0x74 d:/kds/toolchain/bin/../lib/gcc/arm-none-eabi/4.8.4/../../../../arm-none-eabi/lib/armv7e-m/crt0.o
                0x00000464                _start
                0x00000464                _mainCRTStartup
 .text          0x000004d8       0x30 ./Project_Settings/Startup_Code/startup_MK60D10.o
                0x000004d8                Reset_Handler
                0x00000504                Reserved111_IRQHandler
                0x00000504                DebugMon_Handler
                0x00000504                I2C0_IRQHandler
                0x00000504                HardFault_Handler
                0x00000504                CAN1_ORed_Message_buffer_IRQHandler
                0x00000504                SysTick_Handler
                0x00000504                UART3_RX_TX_IRQHandler
                0x00000504                Reserved114_IRQHandler
                0x00000504                PendSV_Handler
                0x00000504                NMI_Handler
                0x00000504                UART0_RX_TX_IRQHandler
                0x00000504                I2C1_IRQHandler
                0x00000504                DMA2_IRQHandler
                0x00000504                Reserved59_IRQHandler
                0x00000504                ENET_Error_IRQHandler
                0x00000504                CAN0_Tx_Warning_IRQHandler
                0x00000504                PIT0_IRQHandler
                0x00000504                Reserved119_IRQHandler
                0x00000504                CAN0_ORed_Message_buffer_IRQHandler
                0x00000504                CMP2_IRQHandler
                0x00000504                LLWU_IRQHandler
                0x00000504                Reserved116_IRQHandler
                0x00000504                TSI0_IRQHandler
                0x00000504                ENET_Receive_IRQHandler
                0x00000504                ENET_1588_Timer_IRQHandler
                0x00000504                CAN1_Error_IRQHandler
                0x00000504                UART2_RX_TX_IRQHandler
                0x00000504                SWI_IRQHandler
                0x00000504                ADC0_IRQHandler
                0x00000504                UsageFault_Handler
                0x00000504                I2S0_Tx_IRQHandler
                0x00000504                CMT_IRQHandler
                0x00000504                UART4_RX_TX_IRQHandler
                0x00000504                SPI1_IRQHandler
                0x00000504                DefaultISR
                0x00000504                DMA9_IRQHandler
                0x00000504                DMA14_IRQHandler
                0x00000504                CMP1_IRQHandler
                0x00000504                PORTD_IRQHandler
                0x00000504                PORTB_IRQHandler
                0x00000504                UART4_ERR_IRQHandler
                0x00000504                ADC1_IRQHandler
                0x00000504                PIT2_IRQHandler
                0x00000504                I2S0_Rx_IRQHandler
                0x00000504                DMA5_IRQHandler
                0x00000504                PDB0_IRQHandler
                0x00000504                CAN1_Bus_Off_IRQHandler
                0x00000504                CAN0_Rx_Warning_IRQHandler
                0x00000504                FTM1_IRQHandler
                0x00000504                UART5_RX_TX_IRQHandler
                0x00000504                Reserved95_IRQHandler
                0x00000504                UART3_ERR_IRQHandler
                0x00000504                PIT3_IRQHandler
                0x00000504                SDHC_IRQHandler
                0x00000504                RTC_Seconds_IRQHandler
                0x00000504                MCG_IRQHandler
                0x00000504                Reserved108_IRQHandler
                0x00000504                Reserved117_IRQHandler
                0x00000504                UART2_ERR_IRQHandler
                0x00000504                DMA11_IRQHandler
                0x00000504                UART5_ERR_IRQHandler
                0x00000504                Read_Collision_IRQHandler
                0x00000504                DMA7_IRQHandler
                0x00000504                Reserved102_IRQHandler
                0x00000504                ENET_Transmit_IRQHandler
                0x00000504                USBDCD_IRQHandler
                0x00000504                CAN1_Tx_Warning_IRQHandler
                0x00000504                USB0_IRQHandler
                0x00000504                SPI2_IRQHandler
                0x00000504                WDOG_EWM_IRQHandler
                0x00000504                MemManage_Handler
                0x00000504                CAN1_Rx_Warning_IRQHandler
                0x00000504                Reserved115_IRQHandler
                0x00000504                SVC_Handler
                0x00000504                CAN1_Wake_Up_IRQHandler
                0x00000504                Reserved109_IRQHandler
                0x00000504                DMA13_IRQHandler
                0x00000504                DMA3_IRQHandler
                0x00000504                UART0_LON_IRQHandler
                0x00000504                RNG_IRQHandler
                0x00000504                DMA0_IRQHandler
                0x00000504                DMA15_IRQHandler
                0x00000504                DAC0_IRQHandler
                0x00000504                Reserved118_IRQHandler
                0x00000504                CAN0_Error_IRQHandler
                0x00000504                Reserved112_IRQHandler
                0x00000504                DMA4_IRQHandler
                0x00000504                PIT1_IRQHandler
                0x00000504                UART0_ERR_IRQHandler
                0x00000504                DMA_Error_IRQHandler
                0x00000504                LVD_LVW_IRQHandler
                0x00000504                SPI0_IRQHandler
                0x00000504                FTM0_IRQHandler
                0x00000504                PORTA_IRQHandler
                0x00000504                DAC1_IRQHandler
                0x00000504                MCM_IRQHandler
                0x00000504                DMA12_IRQHandler
                0x00000504                FTFL_IRQHandler
                0x00000504                CAN0_Bus_Off_IRQHandler
                0x00000504                PORTE_IRQHandler
                0x00000504                FTM2_IRQHandler
                0x00000504                LPTMR0_IRQHandler
                0x00000504                BusFault_Handler
                0x00000504                DMA8_IRQHandler
                0x00000504                DMA10_IRQHandler
                0x00000504                CAN0_Wake_Up_IRQHandler
                0x00000504                UART1_ERR_IRQHandler
                0x00000504                UART1_RX_TX_IRQHandler
                0x00000504                CMP0_IRQHandler
                0x00000504                PORTC_IRQHandler
                0x00000504                DMA6_IRQHandler
                0x00000504                DMA1_IRQHandler
                0x00000504                Reserved113_IRQHandler
 .text          0x00000508       0x14 d:/kds/toolchain/bin/../lib/gcc/arm-none-eabi/4.8.4/../../../../arm-none-eabi/lib/armv7e-m\libg_s.a(lib_a-strcmp.o)
                0x00000508                strcmp
 *(.text*)
 .text.NVIC_EnableIRQ
                0x0000051c       0x30 ./Sources/main.o
 .text.NVIC_ClearPendingIRQ
                0x0000054c       0x34 ./Sources/main.o
 .text.Delay    0x00000580       0x40 ./Sources/main.o
                0x00000580                Delay
 .text.Beep     0x000005c0       0x48 ./Sources/main.o
                0x000005c0                Beep
 .text.SendCh   0x00000608       0x3c ./Sources/main.o
                0x00000608                SendCh
 .text.SendStr  0x00000644       0x34 ./Sources/main.o
                0x00000644                SendStr
 .text.ReceiveCh
                0x00000678       0x28 ./Sources/main.o
                0x00000678                ReceiveCh
 .text.ReceiveStr
                0x000006a0       0x78 ./Sources/main.o
                0x000006a0                ReceiveStr
 .text.time_convert
                0x00000718       0x64 ./Sources/main.o
                0x00000718                time_convert
 .text.time_load
                0x0000077c      0x204 ./Sources/main.o
                0x0000077c                time_load
 .text.MCUInit  0x00000980       0x4c ./Sources/main.o
                0x00000980                MCUInit
 .text.UART5Init
                0x000009cc       0x6c ./Sources/main.o
                0x000009cc                UART5Init
 .text.PortsInit
                0x00000a38       0xc8 ./Sources/main.o
                0x00000a38                PortsInit
 .text.Lights   0x00000b00      0x1b8 ./Sources/main.o
                0x00000b00                Lights
 .text.Music    0x00000cb8       0xb0 ./Sources/main.o
                0x00000cb8                Music
 .text.RTC_IRQHandler
                0x00000d68       0x6c ./Sources/main.o
                0x00000d68                RTC_IRQHandler
 .text.RTCInit  0x00000dd4       0x80 ./Sources/main.o
                0x00000dd4                RTCInit
 .text.main     0x00000e54      0x604 ./Sources/main.o
                0x00000e54                main
 .text.SystemInit
                0x00001458       0x28 ./Project_Settings/Startup_Code/system_MK60D10.o
                0x00001458                SystemInit
 .text.exit     0x00001480       0x28 d:/kds/toolchain/bin/../lib/gcc/arm-none-eabi/4.8.4/../../../../arm-none-eabi/lib/armv7e-m\libg_s.a(lib_a-exit.o)
                0x00001480                exit
 .text.__libc_init_array
                0x000014a8       0x4c d:/kds/toolchain/bin/../lib/gcc/arm-none-eabi/4.8.4/../../../../arm-none-eabi/lib/armv7e-m\libg_s.a(lib_a-init.o)
                0x000014a8                __libc_init_array
 .text.localtime
                0x000014f4       0x24 d:/kds/toolchain/bin/../lib/gcc/arm-none-eabi/4.8.4/../../../../arm-none-eabi/lib/armv7e-m\libg_s.a(lib_a-lcltime.o)
                0x000014f4                localtime
 .text.localtime_r
                0x00001518        0x6 d:/kds/toolchain/bin/../lib/gcc/arm-none-eabi/4.8.4/../../../../arm-none-eabi/lib/armv7e-m\libg_s.a(lib_a-lcltime_r.o)
                0x00001518                localtime_r
 *fill*         0x0000151e        0x2 
 .text.malloc   0x00001520       0x10 d:/kds/toolchain/bin/../lib/gcc/arm-none-eabi/4.8.4/../../../../arm-none-eabi/lib/armv7e-m\libg_s.a(lib_a-malloc.o)
                0x00001520                malloc
 .text.memset   0x00001530       0x10 d:/kds/toolchain/bin/../lib/gcc/arm-none-eabi/4.8.4/../../../../arm-none-eabi/lib/armv7e-m\libg_s.a(lib_a-memset.o)
                0x00001530                memset
 .text.validate_structure
                0x00001540      0x1a4 d:/kds/toolchain/bin/../lib/gcc/arm-none-eabi/4.8.4/../../../../arm-none-eabi/lib/armv7e-m\libg_s.a(lib_a-mktime.o)
 .text.mktime   0x000016e4      0x2cc d:/kds/toolchain/bin/../lib/gcc/arm-none-eabi/4.8.4/../../../../arm-none-eabi/lib/armv7e-m\libg_s.a(lib_a-mktime.o)
                0x000016e4                mktime
 .text.__tzcalc_limits
                0x000019b0      0x15c d:/kds/toolchain/bin/../lib/gcc/arm-none-eabi/4.8.4/../../../../arm-none-eabi/lib/armv7e-m\libg_s.a(lib_a-mktm_r.o)
                0x000019b0                __tzcalc_limits
 .text._mktm_r  0x00001b0c      0x290 d:/kds/toolchain/bin/../lib/gcc/arm-none-eabi/4.8.4/../../../../arm-none-eabi/lib/armv7e-m\libg_s.a(lib_a-mktm_r.o)
                0x00001b0c                _mktm_r
 .text._free_r  0x00001d9c       0x88 d:/kds/toolchain/bin/../lib/gcc/arm-none-eabi/4.8.4/../../../../arm-none-eabi/lib/armv7e-m\libg_s.a(lib_a-nano-freer.o)
                0x00001d9c                _free_r
 .text._malloc_r
                0x00001e24       0xa8 d:/kds/toolchain/bin/../lib/gcc/arm-none-eabi/4.8.4/../../../../arm-none-eabi/lib/armv7e-m\libg_s.a(lib_a-nano-mallocr.o)
                0x00001e24                _malloc_r
 .text._sbrk_r  0x00001ecc       0x20 d:/kds/toolchain/bin/../lib/gcc/arm-none-eabi/4.8.4/../../../../arm-none-eabi/lib/armv7e-m\libg_s.a(lib_a-sbrkr.o)
                0x00001ecc                _sbrk_r
 .text.sscanf   0x00001eec       0x54 d:/kds/toolchain/bin/../lib/gcc/arm-none-eabi/4.8.4/../../../../arm-none-eabi/lib/armv7e-m\libg_s.a(lib_a-sscanf.o)
                0x00001eec                siscanf
                0x00001eec                sscanf
 .text.__seofread
                0x00001f40        0x4 d:/kds/toolchain/bin/../lib/gcc/arm-none-eabi/4.8.4/../../../../arm-none-eabi/lib/armv7e-m\libg_s.a(lib_a-stdio.o)
                0x00001f40                __seofread
 .text.iso_year_adjust
                0x00001f44       0xc4 d:/kds/toolchain/bin/../lib/gcc/arm-none-eabi/4.8.4/../../../../arm-none-eabi/lib/armv7e-m\libg_s.a(lib_a-strftime.o)
 .text.strftime
                0x00002008      0x86c d:/kds/toolchain/bin/../lib/gcc/arm-none-eabi/4.8.4/../../../../arm-none-eabi/lib/armv7e-m\libg_s.a(lib_a-strftime.o)
                0x00002008                strftime
 .text.strlen   0x00002874       0x10 d:/kds/toolchain/bin/../lib/gcc/arm-none-eabi/4.8.4/../../../../arm-none-eabi/lib/armv7e-m\libg_s.a(lib_a-strlen.o)
                0x00002874                strlen
 .text._strtoul_r
                0x00002884       0xf0 d:/kds/toolchain/bin/../lib/gcc/arm-none-eabi/4.8.4/../../../../arm-none-eabi/lib/armv7e-m\libg_s.a(lib_a-strtoul.o)
                0x00002884                _strtoul_r
 .text.strtoul  0x00002974       0x1c d:/kds/toolchain/bin/../lib/gcc/arm-none-eabi/4.8.4/../../../../arm-none-eabi/lib/armv7e-m\libg_s.a(lib_a-strtoul.o)
                0x00002974                strtoul
 .text._sungetc_r
                0x00002990       0x7a d:/kds/toolchain/bin/../lib/gcc/arm-none-eabi/4.8.4/../../../../arm-none-eabi/lib/armv7e-m\libg_s.a(lib_a-svfscanf.o)
                0x00002990                _sungetc_r
 .text.__ssrefill_r
                0x00002a0a       0x3a d:/kds/toolchain/bin/../lib/gcc/arm-none-eabi/4.8.4/../../../../arm-none-eabi/lib/armv7e-m\libg_s.a(lib_a-svfscanf.o)
                0x00002a0a                __ssrefill_r
 .text.__ssvfscanf_r
                0x00002a44      0x29c d:/kds/toolchain/bin/../lib/gcc/arm-none-eabi/4.8.4/../../../../arm-none-eabi/lib/armv7e-m\libg_s.a(lib_a-svfscanf.o)
                0x00002a44                __ssvfiscanf_r
                0x00002a44                __ssvfscanf_r
 .text.__get_current_time_locale
                0x00002ce0       0x20 d:/kds/toolchain/bin/../lib/gcc/arm-none-eabi/4.8.4/../../../../arm-none-eabi/lib/armv7e-m\libg_s.a(lib_a-timelocal.o)
                0x00002ce0                __get_current_time_locale
 .text.__tz_lock
                0x00002d00        0x2 d:/kds/toolchain/bin/../lib/gcc/arm-none-eabi/4.8.4/../../../../arm-none-eabi/lib/armv7e-m\libg_s.a(lib_a-tzlock.o)
                0x00002d00                __tz_lock
 .text.__tz_unlock
                0x00002d02        0x2 d:/kds/toolchain/bin/../lib/gcc/arm-none-eabi/4.8.4/../../../../arm-none-eabi/lib/armv7e-m\libg_s.a(lib_a-tzlock.o)
                0x00002d02                __tz_unlock
 .text.__submore
                0x00002d04       0x76 d:/kds/toolchain/bin/../lib/gcc/arm-none-eabi/4.8.4/../../../../arm-none-eabi/lib/armv7e-m\libg_s.a(lib_a-ungetc.o)
                0x00002d04                __submore
 *fill*         0x00002d7a        0x2 
 .text._scanf_chars
                0x00002d7c       0xc0 d:/kds/toolchain/bin/../lib/gcc/arm-none-eabi/4.8.4/../../../../arm-none-eabi/lib/armv7e-m\libg_s.a(lib_a-vfscanf_i.o)
                0x00002d7c                _scanf_chars
 .text._scanf_i
                0x00002e3c      0x1ec d:/kds/toolchain/bin/../lib/gcc/arm-none-eabi/4.8.4/../../../../arm-none-eabi/lib/armv7e-m\libg_s.a(lib_a-vfscanf_i.o)
                0x00002e3c                _scanf_i
 .text.abs      0x00003028        0x8 d:/kds/toolchain/bin/../lib/gcc/arm-none-eabi/4.8.4/../../../../arm-none-eabi/lib/armv7e-m\libg_s.a(lib_a-abs.o)
                0x00003028                abs
 .text.div      0x00003030       0x28 d:/kds/toolchain/bin/../lib/gcc/arm-none-eabi/4.8.4/../../../../arm-none-eabi/lib/armv7e-m\libg_s.a(lib_a-div.o)
                0x00003030                div
 .text.__gettzinfo
                0x00003058        0x8 d:/kds/toolchain/bin/../lib/gcc/arm-none-eabi/4.8.4/../../../../arm-none-eabi/lib/armv7e-m\libg_s.a(lib_a-gettzinfo.o)
                0x00003058                __gettzinfo
 .text.labs     0x00003060        0x8 d:/kds/toolchain/bin/../lib/gcc/arm-none-eabi/4.8.4/../../../../arm-none-eabi/lib/armv7e-m\libg_s.a(lib_a-labs.o)
                0x00003060                labs
 .text.memchr   0x00003068       0x1e d:/kds/toolchain/bin/../lib/gcc/arm-none-eabi/4.8.4/../../../../arm-none-eabi/lib/armv7e-m\libg_s.a(lib_a-memchr-stub.o)
                0x00003068                memchr
 .text.memcpy   0x00003086       0x12 d:/kds/toolchain/bin/../lib/gcc/arm-none-eabi/4.8.4/../../../../arm-none-eabi/lib/armv7e-m\libg_s.a(lib_a-memcpy-stub.o)
                0x00003086                memcpy
 .text._realloc_r
                0x00003098       0x4c d:/kds/toolchain/bin/../lib/gcc/arm-none-eabi/4.8.4/../../../../arm-none-eabi/lib/armv7e-m\libg_s.a(lib_a-nano-reallocr.o)
                0x00003098                _realloc_r
 .text.__sccl   0x000030e4       0x64 d:/kds/toolchain/bin/../lib/gcc/arm-none-eabi/4.8.4/../../../../arm-none-eabi/lib/armv7e-m\libg_s.a(lib_a-sccl.o)
                0x000030e4                __sccl
 .text.snprintf
                0x00003148       0x64 d:/kds/toolchain/bin/../lib/gcc/arm-none-eabi/4.8.4/../../../../arm-none-eabi/lib/armv7e-m\libg_s.a(lib_a-snprintf.o)
                0x00003148                sniprintf
                0x00003148                snprintf
 .text.strcpy   0x000031ac       0x10 d:/kds/toolchain/bin/../lib/gcc/arm-none-eabi/4.8.4/../../../../arm-none-eabi/lib/armv7e-m\libg_s.a(lib_a-strcpy.o)
                0x000031ac                strcpy
 .text._strtol_r
                0x000031bc      0x104 d:/kds/toolchain/bin/../lib/gcc/arm-none-eabi/4.8.4/../../../../arm-none-eabi/lib/armv7e-m\libg_s.a(lib_a-strtol.o)
                0x000031bc                _strtol_r
 .text.__ssputs_r
                0x000032c0       0xb8 d:/kds/toolchain/bin/../lib/gcc/arm-none-eabi/4.8.4/../../../../arm-none-eabi/lib/armv7e-m\libg_s.a(lib_a-svfprintf.o)
                0x000032c0                __ssputs_r
 .text._svfprintf_r
                0x00003378      0x1dc d:/kds/toolchain/bin/../lib/gcc/arm-none-eabi/4.8.4/../../../../arm-none-eabi/lib/armv7e-m\libg_s.a(lib_a-svfprintf.o)
                0x00003378                _svfiprintf_r
                0x00003378                _svfprintf_r
 .text._printf_common
                0x00003554       0xe4 d:/kds/toolchain/bin/../lib/gcc/arm-none-eabi/4.8.4/../../../../arm-none-eabi/lib/armv7e-m\libg_s.a(lib_a-vfprintf_i.o)
                0x00003554                _printf_common
 .text._printf_i
                0x00003638      0x228 d:/kds/toolchain/bin/../lib/gcc/arm-none-eabi/4.8.4/../../../../arm-none-eabi/lib/armv7e-m\libg_s.a(lib_a-vfprintf_i.o)
                0x00003638                _printf_i
 .text.memmove  0x00003860       0x36 d:/kds/toolchain/bin/../lib/gcc/arm-none-eabi/4.8.4/../../../../arm-none-eabi/lib/armv7e-m\libg_s.a(lib_a-memmove.o)
                0x00003860                memmove
 .text._malloc_usable_size_r
                0x00003896       0x12 d:/kds/toolchain/bin/../lib/gcc/arm-none-eabi/4.8.4/../../../../arm-none-eabi/lib/armv7e-m\libg_s.a(lib_a-nano-msizer.o)
                0x00003896                _malloc_usable_size_r
 .text._sbrk    0x000038a8       0x34 d:/kds/toolchain/bin/../lib/gcc/arm-none-eabi/4.8.4/../../../../arm-none-eabi/lib/armv7e-m\libnosys.a(sbrk.o)
                0x000038a8                _sbrk
 .text._exit    0x000038dc        0x4 d:/kds/toolchain/bin/../lib/gcc/arm-none-eabi/4.8.4/../../../../arm-none-eabi/lib/armv7e-m\libnosys.a(_exit.o)
                0x000038dc                _exit
 *(.rodata)
 .rodata        0x000038e0      0x3c4 ./Sources/main.o
 .rodata        0x00003ca4        0xc d:/kds/toolchain/bin/../lib/gcc/arm-none-eabi/4.8.4/../../../../arm-none-eabi/lib/armv7e-m\libg_s.a(lib_a-vfscanf_i.o)
 *(.rodata*)
 .rodata.str1.1
                0x00003cb0        0x2 d:/kds/toolchain/bin/../lib/gcc/arm-none-eabi/4.8.4/../../../../arm-none-eabi/lib/armv7e-m\libg_s.a(lib_a-impure.o)
 *fill*         0x00003cb2        0x2 
 .rodata._global_impure_ptr
                0x00003cb4        0x4 d:/kds/toolchain/bin/../lib/gcc/arm-none-eabi/4.8.4/../../../../arm-none-eabi/lib/armv7e-m\libg_s.a(lib_a-impure.o)
                0x00003cb4                _global_impure_ptr
 .rodata._DAYS_BEFORE_MONTH
                0x00003cb8       0x30 d:/kds/toolchain/bin/../lib/gcc/arm-none-eabi/4.8.4/../../../../arm-none-eabi/lib/armv7e-m\libg_s.a(lib_a-mktime.o)
 .rodata.DAYS_IN_MONTH
                0x00003ce8       0x30 d:/kds/toolchain/bin/../lib/gcc/arm-none-eabi/4.8.4/../../../../arm-none-eabi/lib/armv7e-m\libg_s.a(lib_a-mktime.o)
 .rodata.mon_lengths
                0x00003d18       0x60 d:/kds/toolchain/bin/../lib/gcc/arm-none-eabi/4.8.4/../../../../arm-none-eabi/lib/armv7e-m\libg_s.a(lib_a-mktm_r.o)
 .rodata.year_lengths
                0x00003d78        0x8 d:/kds/toolchain/bin/../lib/gcc/arm-none-eabi/4.8.4/../../../../arm-none-eabi/lib/armv7e-m\libg_s.a(lib_a-mktm_r.o)
 .rodata.str1.1
                0x00003d80       0x54 d:/kds/toolchain/bin/../lib/gcc/arm-none-eabi/4.8.4/../../../../arm-none-eabi/lib/armv7e-m\libg_s.a(lib_a-strftime.o)
                                 0x66 (size before relaxing)
 .rodata.str1.1
                0x00003dd4        0x4 d:/kds/toolchain/bin/../lib/gcc/arm-none-eabi/4.8.4/../../../../arm-none-eabi/lib/armv7e-m\libg_s.a(lib_a-svfscanf.o)
 .rodata.str1.1
                0x00003dd8      0x133 d:/kds/toolchain/bin/../lib/gcc/arm-none-eabi/4.8.4/../../../../arm-none-eabi/lib/armv7e-m\libg_s.a(lib_a-timelocal.o)
                                0x134 (size before relaxing)
 *fill*         0x00003f0b        0x1 
 .rodata._C_time_locale
                0x00003f0c       0xfc d:/kds/toolchain/bin/../lib/gcc/arm-none-eabi/4.8.4/../../../../arm-none-eabi/lib/armv7e-m\libg_s.a(lib_a-timelocal.o)
 .rodata.str1.1
                0x00004008        0x4 d:/kds/toolchain/bin/../lib/gcc/arm-none-eabi/4.8.4/../../../../arm-none-eabi/lib/armv7e-m\libg_s.a(lib_a-tzvars.o)
 .rodata.str1.1
                0x0000400c       0x1b d:/kds/toolchain/bin/../lib/gcc/arm-none-eabi/4.8.4/../../../../arm-none-eabi/lib/armv7e-m\libg_s.a(lib_a-vfscanf_i.o)
 .rodata._ctype_
                0x00004027      0x101 d:/kds/toolchain/bin/../lib/gcc/arm-none-eabi/4.8.4/../../../../arm-none-eabi/lib/armv7e-m\libg_s.a(lib_a-ctype_.o)
                0x00004027                _ctype_
 .rodata.__sf_fake_stdin
                0x00004128       0x20 d:/kds/toolchain/bin/../lib/gcc/arm-none-eabi/4.8.4/../../../../arm-none-eabi/lib/armv7e-m\libg_s.a(lib_a-findfp.o)
                0x00004128                __sf_fake_stdin
 .rodata.__sf_fake_stdout
                0x00004148       0x20 d:/kds/toolchain/bin/../lib/gcc/arm-none-eabi/4.8.4/../../../../arm-none-eabi/lib/armv7e-m\libg_s.a(lib_a-findfp.o)
                0x00004148                __sf_fake_stdout
 .rodata.__sf_fake_stderr
                0x00004168       0x20 d:/kds/toolchain/bin/../lib/gcc/arm-none-eabi/4.8.4/../../../../arm-none-eabi/lib/armv7e-m\libg_s.a(lib_a-findfp.o)
                0x00004168                __sf_fake_stderr
 .rodata.str1.1
                0x00004188        0xd d:/kds/toolchain/bin/../lib/gcc/arm-none-eabi/4.8.4/../../../../arm-none-eabi/lib/armv7e-m\libg_s.a(lib_a-svfprintf.o)
                                 0x11 (size before relaxing)
 .rodata.str1.1
                0x00004195       0x22 d:/kds/toolchain/bin/../lib/gcc/arm-none-eabi/4.8.4/../../../../arm-none-eabi/lib/armv7e-m\libg_s.a(lib_a-vfprintf_i.o)
 *(.glue_7)
 .glue_7        0x00000000        0x0 linker stubs
 *(.glue_7t)
 .glue_7t       0x00000000        0x0 linker stubs
 *(.eh_frame)
 *fill*         0x000041b7        0x1 
 .eh_frame      0x000041b8        0x0 d:/kds/toolchain/bin/../lib/gcc/arm-none-eabi/4.8.4/armv7e-m/crtbegin.o
 *(.init)
 .init          0x000041b8        0x4 d:/kds/toolchain/bin/../lib/gcc/arm-none-eabi/4.8.4/armv7e-m/crti.o
                0x000041b8                _init
 .init          0x000041bc        0x8 d:/kds/toolchain/bin/../lib/gcc/arm-none-eabi/4.8.4/armv7e-m/crtn.o
 *(.fini)
 .fini          0x000041c4        0x4 d:/kds/toolchain/bin/../lib/gcc/arm-none-eabi/4.8.4/armv7e-m/crti.o
                0x000041c4                _fini
 .fini          0x000041c8        0x8 d:/kds/toolchain/bin/../lib/gcc/arm-none-eabi/4.8.4/armv7e-m/crtn.o
                0x000041d0                . = ALIGN (0x4)

.vfp11_veneer   0x000041d0        0x0
 .vfp11_veneer  0x00000000        0x0 linker stubs

.v4_bx          0x000041d0        0x0
 .v4_bx         0x00000000        0x0 linker stubs

.iplt           0x000041d0        0x0
 .iplt          0x00000000        0x0 d:/kds/toolchain/bin/../lib/gcc/arm-none-eabi/4.8.4/armv7e-m/crtbegin.o

.ARM.extab
 *(.ARM.extab* .gnu.linkonce.armextab.*)

.ARM            0x000041d0        0x8
                0x000041d0                __exidx_start = .
 *(.ARM.exidx*)
 .ARM.exidx     0x000041d0        0x8 d:/kds/toolchain/bin/../lib/gcc/arm-none-eabi/4.8.4/../../../../arm-none-eabi/lib/armv7e-m/crt0.o
                0x000041d8                __exidx_end = .

.rel.dyn        0x000041d8        0x0
 .rel.iplt      0x00000000        0x0 d:/kds/toolchain/bin/../lib/gcc/arm-none-eabi/4.8.4/armv7e-m/crtbegin.o

.ctors          0x000041d8        0x0
                0x000041d8                __CTOR_LIST__ = .
 *crtbegin.o(.ctors)
 *crtbegin?.o(.ctors)
 *(EXCLUDE_FILE(*crtend.o *crtend?.o) .ctors)
 *(SORT(.ctors.*))
 *(.ctors)
                0x000041d8                __CTOR_END__ = .

.dtors          0x000041d8        0x0
                0x000041d8                __DTOR_LIST__ = .
 *crtbegin.o(.dtors)
 *crtbegin?.o(.dtors)
 *(EXCLUDE_FILE(*crtend.o *crtend?.o) .dtors)
 *(SORT(.dtors.*))
 *(.dtors)
                0x000041d8                __DTOR_END__ = .

.preinit_array  0x000041d8        0x0
                0x000041d8                PROVIDE (__preinit_array_start, .)
 *(.preinit_array*)
                0x000041d8                PROVIDE (__preinit_array_end, .)

.init_array     0x000041d8        0x4
                0x000041d8                PROVIDE (__init_array_start, .)
 *(SORT(.init_array.*))
 *(.init_array*)
 .init_array    0x000041d8        0x4 d:/kds/toolchain/bin/../lib/gcc/arm-none-eabi/4.8.4/armv7e-m/crtbegin.o
                0x000041dc                PROVIDE (__init_array_end, .)

.fini_array     0x000041dc        0x4
                0x000041dc                PROVIDE (__fini_array_start, .)
 *(SORT(.fini_array.*))
 *(.fini_array*)
 .fini_array    0x000041dc        0x4 d:/kds/toolchain/bin/../lib/gcc/arm-none-eabi/4.8.4/armv7e-m/crtbegin.o
                0x000041e0                PROVIDE (__fini_array_end, .)
                0x000041e0                __etext = .
                0x000041e0                __DATA_ROM = .

.data           0x1fff0000       0xb4 load address 0x000041e0
                0x1fff0000                . = ALIGN (0x4)
                0x1fff0000                __DATA_RAM = .
                0x1fff0000                __data_start__ = .
 *(.data)
 *(.data*)
 .data.impure_data
                0x1fff0000       0x60 d:/kds/toolchain/bin/../lib/gcc/arm-none-eabi/4.8.4/../../../../arm-none-eabi/lib/armv7e-m\libg_s.a(lib_a-impure.o)
 .data._impure_ptr
                0x1fff0060        0x4 d:/kds/toolchain/bin/../lib/gcc/arm-none-eabi/4.8.4/../../../../arm-none-eabi/lib/armv7e-m\libg_s.a(lib_a-impure.o)
                0x1fff0060                _impure_ptr
 .data._tzname  0x1fff0064        0x8 d:/kds/toolchain/bin/../lib/gcc/arm-none-eabi/4.8.4/../../../../arm-none-eabi/lib/armv7e-m\libg_s.a(lib_a-tzvars.o)
                0x1fff0064                _tzname
 .data.__ctype_ptr__
                0x1fff006c        0x4 d:/kds/toolchain/bin/../lib/gcc/arm-none-eabi/4.8.4/../../../../arm-none-eabi/lib/armv7e-m\libg_s.a(lib_a-ctype_.o)
                0x1fff006c                __ctype_ptr__
 .data.tzinfo   0x1fff0070       0x40 d:/kds/toolchain/bin/../lib/gcc/arm-none-eabi/4.8.4/../../../../arm-none-eabi/lib/armv7e-m\libg_s.a(lib_a-gettzinfo.o)
 *(.jcr*)
 .jcr           0x1fff00b0        0x0 d:/kds/toolchain/bin/../lib/gcc/arm-none-eabi/4.8.4/armv7e-m/crtbegin.o
 .jcr           0x1fff00b0        0x4 d:/kds/toolchain/bin/../lib/gcc/arm-none-eabi/4.8.4/armv7e-m/crtend.o
                0x1fff00b4                . = ALIGN (0x4)
                0x1fff00b4                __data_end__ = .
                0x00004294                __DATA_END = (__DATA_ROM + (__data_end__ - __data_start__))

.igot.plt       0x1fff00b4        0x0 load address 0x00004294
 .igot.plt      0x00000000        0x0 d:/kds/toolchain/bin/../lib/gcc/arm-none-eabi/4.8.4/armv7e-m/crtbegin.o

.bss            0x1fff00b4      0x1b4 load address 0x00004294
                0x1fff00b4                . = ALIGN (0x4)
                0x1fff00b4                __START_BSS = .
                0x1fff00b4                __bss_start__ = .
 *(.bss)
 .bss           0x1fff00b4       0x1c d:/kds/toolchain/bin/../lib/gcc/arm-none-eabi/4.8.4/armv7e-m/crtbegin.o
 *(.bss*)
 .bss.__malloc_sbrk_start
                0x1fff00d0        0x4 d:/kds/toolchain/bin/../lib/gcc/arm-none-eabi/4.8.4/../../../../arm-none-eabi/lib/armv7e-m\libg_s.a(lib_a-nano-mallocr.o)
                0x1fff00d0                __malloc_sbrk_start
 .bss.__malloc_free_list
                0x1fff00d4        0x4 d:/kds/toolchain/bin/../lib/gcc/arm-none-eabi/4.8.4/../../../../arm-none-eabi/lib/armv7e-m\libg_s.a(lib_a-nano-mallocr.o)
                0x1fff00d4                __malloc_free_list
 .bss._time_using_locale
                0x1fff00d8        0x4 d:/kds/toolchain/bin/../lib/gcc/arm-none-eabi/4.8.4/../../../../arm-none-eabi/lib/armv7e-m\libg_s.a(lib_a-timelocal.o)
 .bss._time_locale
                0x1fff00dc       0xfc d:/kds/toolchain/bin/../lib/gcc/arm-none-eabi/4.8.4/../../../../arm-none-eabi/lib/armv7e-m\libg_s.a(lib_a-timelocal.o)
 .bss._daylight
                0x1fff01d8        0x4 d:/kds/toolchain/bin/../lib/gcc/arm-none-eabi/4.8.4/../../../../arm-none-eabi/lib/armv7e-m\libg_s.a(lib_a-tzvars.o)
                0x1fff01d8                _daylight
 .bss.heap_end.4246
                0x1fff01dc        0x4 d:/kds/toolchain/bin/../lib/gcc/arm-none-eabi/4.8.4/../../../../arm-none-eabi/lib/armv7e-m\libnosys.a(sbrk.o)
 *(COMMON)
 COMMON         0x1fff01e0       0x84 ./Sources/main.o
                0x1fff01e0                repeat_count
                0x1fff01e4                song
                0x1fff01e8                light
                0x1fff01ec                seconds_tmp
                0x1fff01f0                seconds_alarm
                0x1fff01f4                buffer
                0x1fff025c                seconds_init
                0x1fff0260                delay
 COMMON         0x1fff0264        0x4 d:/kds/toolchain/bin/../lib/gcc/arm-none-eabi/4.8.4/../../../../arm-none-eabi/lib/armv7e-m\libg_s.a(lib_a-reent.o)
                0x1fff0264                errno
                0x1fff0268                . = ALIGN (0x4)
                0x1fff0268                __bss_end__ = .
                0x1fff0268                __END_BSS = .

.heap           0x20000000      0x400
                0x20000000                . = ALIGN (0x8)
                0x20000000                __end__ = .
                0x20000000                PROVIDE (end, .)
                0x20000000                __HeapBase = .
                0x20000400                . = (. + HEAP_SIZE)
 *fill*         0x20000000      0x400 
                0x20000400                __HeapLimit = .

.stack          0x20000400      0x400
                0x20000400                . = ALIGN (0x8)
                0x20000800                . = (. + STACK_SIZE)
 *fill*         0x20000400      0x400 
                0x20010000                __StackTop = (ORIGIN (m_data_2) + 0x10000)
                0x2000fc00                __StackLimit = (__StackTop - STACK_SIZE)
                0x20010000                PROVIDE (__stack, __StackTop)

.ARM.attributes
                0x00000000       0x2a
 *(.ARM.attributes)
 .ARM.attributes
                0x00000000       0x1e d:/kds/toolchain/bin/../lib/gcc/arm-none-eabi/4.8.4/armv7e-m/crti.o
 .ARM.attributes
                0x0000001e       0x2e d:/kds/toolchain/bin/../lib/gcc/arm-none-eabi/4.8.4/armv7e-m/crtbegin.o
 .ARM.attributes
                0x0000004c       0x1c d:/kds/toolchain/bin/../lib/gcc/arm-none-eabi/4.8.4/../../../../arm-none-eabi/lib/armv7e-m/crt0.o
 .ARM.attributes
                0x00000068       0x33 ./Sources/main.o
 .ARM.attributes
                0x0000009b       0x1b ./Project_Settings/Startup_Code/startup_MK60D10.o
 .ARM.attributes
                0x000000b6       0x33 ./Project_Settings/Startup_Code/system_MK60D10.o
 .ARM.attributes
                0x000000e9       0x2e d:/kds/toolchain/bin/../lib/gcc/arm-none-eabi/4.8.4/../../../../arm-none-eabi/lib/armv7e-m\libg_s.a(lib_a-exit.o)
 .ARM.attributes
                0x00000117       0x2e d:/kds/toolchain/bin/../lib/gcc/arm-none-eabi/4.8.4/../../../../arm-none-eabi/lib/armv7e-m\libg_s.a(lib_a-impure.o)
 .ARM.attributes
                0x00000145       0x2e d:/kds/toolchain/bin/../lib/gcc/arm-none-eabi/4.8.4/../../../../arm-none-eabi/lib/armv7e-m\libg_s.a(lib_a-init.o)
 .ARM.attributes
                0x00000173       0x2e d:/kds/toolchain/bin/../lib/gcc/arm-none-eabi/4.8.4/../../../../arm-none-eabi/lib/armv7e-m\libg_s.a(lib_a-lcltime.o)
 .ARM.attributes
                0x000001a1       0x2e d:/kds/toolchain/bin/../lib/gcc/arm-none-eabi/4.8.4/../../../../arm-none-eabi/lib/armv7e-m\libg_s.a(lib_a-lcltime_r.o)
 .ARM.attributes
                0x000001cf       0x2e d:/kds/toolchain/bin/../lib/gcc/arm-none-eabi/4.8.4/../../../../arm-none-eabi/lib/armv7e-m\libg_s.a(lib_a-malloc.o)
 .ARM.attributes
                0x000001fd       0x2e d:/kds/toolchain/bin/../lib/gcc/arm-none-eabi/4.8.4/../../../../arm-none-eabi/lib/armv7e-m\libg_s.a(lib_a-memset.o)
 .ARM.attributes
                0x0000022b       0x2e d:/kds/toolchain/bin/../lib/gcc/arm-none-eabi/4.8.4/../../../../arm-none-eabi/lib/armv7e-m\libg_s.a(lib_a-mktime.o)
 .ARM.attributes
                0x00000259       0x2e d:/kds/toolchain/bin/../lib/gcc/arm-none-eabi/4.8.4/../../../../arm-none-eabi/lib/armv7e-m\libg_s.a(lib_a-mktm_r.o)
 .ARM.attributes
                0x00000287       0x2e d:/kds/toolchain/bin/../lib/gcc/arm-none-eabi/4.8.4/../../../../arm-none-eabi/lib/armv7e-m\libg_s.a(lib_a-nano-freer.o)
 .ARM.attributes
                0x000002b5       0x2e d:/kds/toolchain/bin/../lib/gcc/arm-none-eabi/4.8.4/../../../../arm-none-eabi/lib/armv7e-m\libg_s.a(lib_a-nano-mallocr.o)
 .ARM.attributes
                0x000002e3       0x2e d:/kds/toolchain/bin/../lib/gcc/arm-none-eabi/4.8.4/../../../../arm-none-eabi/lib/armv7e-m\libg_s.a(lib_a-sbrkr.o)
 .ARM.attributes
                0x00000311       0x2e d:/kds/toolchain/bin/../lib/gcc/arm-none-eabi/4.8.4/../../../../arm-none-eabi/lib/armv7e-m\libg_s.a(lib_a-sscanf.o)
 .ARM.attributes
                0x0000033f       0x2e d:/kds/toolchain/bin/../lib/gcc/arm-none-eabi/4.8.4/../../../../arm-none-eabi/lib/armv7e-m\libg_s.a(lib_a-stdio.o)
 .ARM.attributes
                0x0000036d       0x1c d:/kds/toolchain/bin/../lib/gcc/arm-none-eabi/4.8.4/../../../../arm-none-eabi/lib/armv7e-m\libg_s.a(lib_a-strcmp.o)
 .ARM.attributes
                0x00000389       0x2e d:/kds/toolchain/bin/../lib/gcc/arm-none-eabi/4.8.4/../../../../arm-none-eabi/lib/armv7e-m\libg_s.a(lib_a-strftime.o)
 .ARM.attributes
                0x000003b7       0x2e d:/kds/toolchain/bin/../lib/gcc/arm-none-eabi/4.8.4/../../../../arm-none-eabi/lib/armv7e-m\libg_s.a(lib_a-strlen.o)
 .ARM.attributes
                0x000003e5       0x2e d:/kds/toolchain/bin/../lib/gcc/arm-none-eabi/4.8.4/../../../../arm-none-eabi/lib/armv7e-m\libg_s.a(lib_a-strtoul.o)
 .ARM.attributes
                0x00000413       0x2e d:/kds/toolchain/bin/../lib/gcc/arm-none-eabi/4.8.4/../../../../arm-none-eabi/lib/armv7e-m\libg_s.a(lib_a-svfscanf.o)
 .ARM.attributes
                0x00000441       0x2e d:/kds/toolchain/bin/../lib/gcc/arm-none-eabi/4.8.4/../../../../arm-none-eabi/lib/armv7e-m\libg_s.a(lib_a-timelocal.o)
 .ARM.attributes
                0x0000046f       0x2e d:/kds/toolchain/bin/../lib/gcc/arm-none-eabi/4.8.4/../../../../arm-none-eabi/lib/armv7e-m\libg_s.a(lib_a-tzlock.o)
 .ARM.attributes
                0x0000049d       0x2e d:/kds/toolchain/bin/../lib/gcc/arm-none-eabi/4.8.4/../../../../arm-none-eabi/lib/armv7e-m\libg_s.a(lib_a-tzvars.o)
 .ARM.attributes
                0x000004cb       0x2e d:/kds/toolchain/bin/../lib/gcc/arm-none-eabi/4.8.4/../../../../arm-none-eabi/lib/armv7e-m\libg_s.a(lib_a-ungetc.o)
 .ARM.attributes
                0x000004f9       0x2e d:/kds/toolchain/bin/../lib/gcc/arm-none-eabi/4.8.4/../../../../arm-none-eabi/lib/armv7e-m\libg_s.a(lib_a-vfscanf_i.o)
 .ARM.attributes
                0x00000527       0x2e d:/kds/toolchain/bin/../lib/gcc/arm-none-eabi/4.8.4/../../../../arm-none-eabi/lib/armv7e-m\libg_s.a(lib_a-abs.o)
 .ARM.attributes
                0x00000555       0x2e d:/kds/toolchain/bin/../lib/gcc/arm-none-eabi/4.8.4/../../../../arm-none-eabi/lib/armv7e-m\libg_s.a(lib_a-ctype_.o)
 .ARM.attributes
                0x00000583       0x2e d:/kds/toolchain/bin/../lib/gcc/arm-none-eabi/4.8.4/../../../../arm-none-eabi/lib/armv7e-m\libg_s.a(lib_a-div.o)
 .ARM.attributes
                0x000005b1       0x2e d:/kds/toolchain/bin/../lib/gcc/arm-none-eabi/4.8.4/../../../../arm-none-eabi/lib/armv7e-m\libg_s.a(lib_a-findfp.o)
 .ARM.attributes
                0x000005df       0x2e d:/kds/toolchain/bin/../lib/gcc/arm-none-eabi/4.8.4/../../../../arm-none-eabi/lib/armv7e-m\libg_s.a(lib_a-gettzinfo.o)
 .ARM.attributes
                0x0000060d       0x2e d:/kds/toolchain/bin/../lib/gcc/arm-none-eabi/4.8.4/../../../../arm-none-eabi/lib/armv7e-m\libg_s.a(lib_a-labs.o)
 .ARM.attributes
                0x0000063b       0x2e d:/kds/toolchain/bin/../lib/gcc/arm-none-eabi/4.8.4/../../../../arm-none-eabi/lib/armv7e-m\libg_s.a(lib_a-memchr-stub.o)
 .ARM.attributes
                0x00000669       0x2e d:/kds/toolchain/bin/../lib/gcc/arm-none-eabi/4.8.4/../../../../arm-none-eabi/lib/armv7e-m\libg_s.a(lib_a-memcpy-stub.o)
 .ARM.attributes
                0x00000697       0x2e d:/kds/toolchain/bin/../lib/gcc/arm-none-eabi/4.8.4/../../../../arm-none-eabi/lib/armv7e-m\libg_s.a(lib_a-nano-reallocr.o)
 .ARM.attributes
                0x000006c5       0x2e d:/kds/toolchain/bin/../lib/gcc/arm-none-eabi/4.8.4/../../../../arm-none-eabi/lib/armv7e-m\libg_s.a(lib_a-reent.o)
 .ARM.attributes
                0x000006f3       0x2e d:/kds/toolchain/bin/../lib/gcc/arm-none-eabi/4.8.4/../../../../arm-none-eabi/lib/armv7e-m\libg_s.a(lib_a-sccl.o)
 .ARM.attributes
                0x00000721       0x2e d:/kds/toolchain/bin/../lib/gcc/arm-none-eabi/4.8.4/../../../../arm-none-eabi/lib/armv7e-m\libg_s.a(lib_a-snprintf.o)
 .ARM.attributes
                0x0000074f       0x2e d:/kds/toolchain/bin/../lib/gcc/arm-none-eabi/4.8.4/../../../../arm-none-eabi/lib/armv7e-m\libg_s.a(lib_a-strcpy.o)
 .ARM.attributes
                0x0000077d       0x2e d:/kds/toolchain/bin/../lib/gcc/arm-none-eabi/4.8.4/../../../../arm-none-eabi/lib/armv7e-m\libg_s.a(lib_a-strtol.o)
 .ARM.attributes
                0x000007ab       0x2e d:/kds/toolchain/bin/../lib/gcc/arm-none-eabi/4.8.4/../../../../arm-none-eabi/lib/armv7e-m\libg_s.a(lib_a-svfprintf.o)
 .ARM.attributes
                0x000007d9       0x2e d:/kds/toolchain/bin/../lib/gcc/arm-none-eabi/4.8.4/../../../../arm-none-eabi/lib/armv7e-m\libg_s.a(lib_a-vfprintf_i.o)
 .ARM.attributes
                0x00000807       0x2e d:/kds/toolchain/bin/../lib/gcc/arm-none-eabi/4.8.4/../../../../arm-none-eabi/lib/armv7e-m\libg_s.a(lib_a-memmove.o)
 .ARM.attributes
                0x00000835       0x2e d:/kds/toolchain/bin/../lib/gcc/arm-none-eabi/4.8.4/../../../../arm-none-eabi/lib/armv7e-m\libg_s.a(lib_a-nano-msizer.o)
 .ARM.attributes
                0x00000863       0x2e d:/kds/toolchain/bin/../lib/gcc/arm-none-eabi/4.8.4/../../../../arm-none-eabi/lib/armv7e-m\libnosys.a(sbrk.o)
 .ARM.attributes
                0x00000891       0x2e d:/kds/toolchain/bin/../lib/gcc/arm-none-eabi/4.8.4/../../../../arm-none-eabi/lib/armv7e-m\libnosys.a(_exit.o)
 .ARM.attributes
                0x000008bf       0x2e d:/kds/toolchain/bin/../lib/gcc/arm-none-eabi/4.8.4/armv7e-m/crtend.o
 .ARM.attributes
                0x000008ed       0x1e d:/kds/toolchain/bin/../lib/gcc/arm-none-eabi/4.8.4/armv7e-m/crtn.o
                0x00000001                ASSERT ((__StackLimit >= __HeapLimit), region m_data_2 overflowed with stack and heap)
OUTPUT(IMP_proj.elf elf32-littlearm)

.debug_info     0x00000000     0x1712
 .debug_info    0x00000000     0x11ed ./Sources/main.o
 .debug_info    0x000011ed       0x88 ./Project_Settings/Startup_Code/startup_MK60D10.o
 .debug_info    0x00001275      0x49d ./Project_Settings/Startup_Code/system_MK60D10.o

.debug_abbrev   0x00000000      0x3fc
 .debug_abbrev  0x00000000      0x2ce ./Sources/main.o
 .debug_abbrev  0x000002ce       0x14 ./Project_Settings/Startup_Code/startup_MK60D10.o
 .debug_abbrev  0x000002e2      0x11a ./Project_Settings/Startup_Code/system_MK60D10.o

.debug_aranges  0x00000000       0xf0
 .debug_aranges
                0x00000000       0xa8 ./Sources/main.o
 .debug_aranges
                0x000000a8       0x20 ./Project_Settings/Startup_Code/startup_MK60D10.o
 .debug_aranges
                0x000000c8       0x28 ./Project_Settings/Startup_Code/system_MK60D10.o

.debug_ranges   0x00000000       0xb0
 .debug_ranges  0x00000000       0x98 ./Sources/main.o
 .debug_ranges  0x00000098       0x18 ./Project_Settings/Startup_Code/system_MK60D10.o

.debug_macro    0x00000000    0x1a146
 .debug_macro   0x00000000      0x1f0 ./Sources/main.o
 .debug_macro   0x000001f0      0x84a ./Sources/main.o
 .debug_macro   0x00000a3a       0x16 ./Sources/main.o
 .debug_macro   0x00000a50       0x16 ./Sources/main.o
 .debug_macro   0x00000a66       0x44 ./Sources/main.o
 .debug_macro   0x00000aaa      0x209 ./Sources/main.o
 .debug_macro   0x00000cb3       0x53 ./Sources/main.o
 .debug_macro   0x00000d06       0x3b ./Sources/main.o
 .debug_macro   0x00000d41       0x2d ./Sources/main.o
 .debug_macro   0x00000d6e       0x26 ./Sources/main.o
 .debug_macro   0x00000d94      0xa99 ./Sources/main.o
 .debug_macro   0x0000182d       0x71 ./Sources/main.o
 .debug_macro   0x0000189e    0x17cf8 ./Sources/main.o
 .debug_macro   0x00019596       0x58 ./Sources/main.o
 .debug_macro   0x000195ee       0x35 ./Sources/main.o
 .debug_macro   0x00019623       0xa3 ./Sources/main.o
 .debug_macro   0x000196c6       0x16 ./Sources/main.o
 .debug_macro   0x000196dc       0x97 ./Sources/main.o
 .debug_macro   0x00019773       0x10 ./Sources/main.o
 .debug_macro   0x00019783       0xef ./Sources/main.o
 .debug_macro   0x00019872       0x52 ./Sources/main.o
 .debug_macro   0x000198c4       0x16 ./Sources/main.o
 .debug_macro   0x000198da       0x43 ./Sources/main.o
 .debug_macro   0x0001991d      0x180 ./Sources/main.o
 .debug_macro   0x00019a9d       0x10 ./Sources/main.o
 .debug_macro   0x00019aad       0x22 ./Sources/main.o
 .debug_macro   0x00019acf       0xbd ./Sources/main.o
 .debug_macro   0x00019b8c       0x16 ./Sources/main.o
 .debug_macro   0x00019ba2      0x14a ./Sources/main.o
 .debug_macro   0x00019cec       0x16 ./Sources/main.o
 .debug_macro   0x00019d02       0x35 ./Sources/main.o
 .debug_macro   0x00019d37       0x10 ./Sources/main.o
 .debug_macro   0x00019d47       0x3a ./Sources/main.o
 .debug_macro   0x00019d81      0x2a6 ./Sources/main.o
 .debug_macro   0x0001a027       0x10 ./Sources/main.o
 .debug_macro   0x0001a037       0x22 ./Sources/main.o
 .debug_macro   0x0001a059       0x88 ./Project_Settings/Startup_Code/system_MK60D10.o
 .debug_macro   0x0001a0e1       0x65 ./Project_Settings/Startup_Code/system_MK60D10.o

.debug_line     0x00000000      0x9d1
 .debug_line    0x00000000      0x734 ./Sources/main.o
 .debug_line    0x00000734       0x78 ./Project_Settings/Startup_Code/startup_MK60D10.o
 .debug_line    0x000007ac      0x225 ./Project_Settings/Startup_Code/system_MK60D10.o

.debug_str      0x00000000    0x93f89
 .debug_str     0x00000000    0x93f12 ./Sources/main.o
                              0x94155 (size before relaxing)
 .debug_str     0x00093f12       0x77 ./Project_Settings/Startup_Code/system_MK60D10.o
                              0x90518 (size before relaxing)

.comment        0x00000000       0x70
 .comment       0x00000000       0x70 ./Sources/main.o
                                 0x71 (size before relaxing)
 .comment       0x00000000       0x71 ./Project_Settings/Startup_Code/system_MK60D10.o

.debug_frame    0x00000000      0xca4
 .debug_frame   0x00000000      0x21c ./Sources/main.o
 .debug_frame   0x0000021c       0x44 ./Project_Settings/Startup_Code/system_MK60D10.o
 .debug_frame   0x00000260       0x28 d:/kds/toolchain/bin/../lib/gcc/arm-none-eabi/4.8.4/../../../../arm-none-eabi/lib/armv7e-m\libg_s.a(lib_a-exit.o)
 .debug_frame   0x00000288       0x2c d:/kds/toolchain/bin/../lib/gcc/arm-none-eabi/4.8.4/../../../../arm-none-eabi/lib/armv7e-m\libg_s.a(lib_a-init.o)
 .debug_frame   0x000002b4       0x2c d:/kds/toolchain/bin/../lib/gcc/arm-none-eabi/4.8.4/../../../../arm-none-eabi/lib/armv7e-m\libg_s.a(lib_a-lcltime.o)
 .debug_frame   0x000002e0       0x20 d:/kds/toolchain/bin/../lib/gcc/arm-none-eabi/4.8.4/../../../../arm-none-eabi/lib/armv7e-m\libg_s.a(lib_a-lcltime_r.o)
 .debug_frame   0x00000300       0x30 d:/kds/toolchain/bin/../lib/gcc/arm-none-eabi/4.8.4/../../../../arm-none-eabi/lib/armv7e-m\libg_s.a(lib_a-malloc.o)
 .debug_frame   0x00000330       0x20 d:/kds/toolchain/bin/../lib/gcc/arm-none-eabi/4.8.4/../../../../arm-none-eabi/lib/armv7e-m\libg_s.a(lib_a-memset.o)
 .debug_frame   0x00000350       0x54 d:/kds/toolchain/bin/../lib/gcc/arm-none-eabi/4.8.4/../../../../arm-none-eabi/lib/armv7e-m\libg_s.a(lib_a-mktime.o)
 .debug_frame   0x000003a4       0x5c d:/kds/toolchain/bin/../lib/gcc/arm-none-eabi/4.8.4/../../../../arm-none-eabi/lib/armv7e-m\libg_s.a(lib_a-mktm_r.o)
 .debug_frame   0x00000400       0x2c d:/kds/toolchain/bin/../lib/gcc/arm-none-eabi/4.8.4/../../../../arm-none-eabi/lib/armv7e-m\libg_s.a(lib_a-nano-freer.o)
 .debug_frame   0x0000042c       0x2c d:/kds/toolchain/bin/../lib/gcc/arm-none-eabi/4.8.4/../../../../arm-none-eabi/lib/armv7e-m\libg_s.a(lib_a-nano-mallocr.o)
 .debug_frame   0x00000458       0x2c d:/kds/toolchain/bin/../lib/gcc/arm-none-eabi/4.8.4/../../../../arm-none-eabi/lib/armv7e-m\libg_s.a(lib_a-sbrkr.o)
 .debug_frame   0x00000484       0x60 d:/kds/toolchain/bin/../lib/gcc/arm-none-eabi/4.8.4/../../../../arm-none-eabi/lib/armv7e-m\libg_s.a(lib_a-sscanf.o)
 .debug_frame   0x000004e4       0x80 d:/kds/toolchain/bin/../lib/gcc/arm-none-eabi/4.8.4/../../../../arm-none-eabi/lib/armv7e-m\libg_s.a(lib_a-stdio.o)
 .debug_frame   0x00000564       0x50 d:/kds/toolchain/bin/../lib/gcc/arm-none-eabi/4.8.4/../../../../arm-none-eabi/lib/armv7e-m\libg_s.a(lib_a-strftime.o)
 .debug_frame   0x000005b4       0x20 d:/kds/toolchain/bin/../lib/gcc/arm-none-eabi/4.8.4/../../../../arm-none-eabi/lib/armv7e-m\libg_s.a(lib_a-strlen.o)
 .debug_frame   0x000005d4       0x54 d:/kds/toolchain/bin/../lib/gcc/arm-none-eabi/4.8.4/../../../../arm-none-eabi/lib/armv7e-m\libg_s.a(lib_a-strtoul.o)
 .debug_frame   0x00000628       0x6c d:/kds/toolchain/bin/../lib/gcc/arm-none-eabi/4.8.4/../../../../arm-none-eabi/lib/armv7e-m\libg_s.a(lib_a-svfscanf.o)
 .debug_frame   0x00000694       0x40 d:/kds/toolchain/bin/../lib/gcc/arm-none-eabi/4.8.4/../../../../arm-none-eabi/lib/armv7e-m\libg_s.a(lib_a-timelocal.o)
 .debug_frame   0x000006d4       0x30 d:/kds/toolchain/bin/../lib/gcc/arm-none-eabi/4.8.4/../../../../arm-none-eabi/lib/armv7e-m\libg_s.a(lib_a-tzlock.o)
 .debug_frame   0x00000704       0x5c d:/kds/toolchain/bin/../lib/gcc/arm-none-eabi/4.8.4/../../../../arm-none-eabi/lib/armv7e-m\libg_s.a(lib_a-ungetc.o)
 .debug_frame   0x00000760       0x58 d:/kds/toolchain/bin/../lib/gcc/arm-none-eabi/4.8.4/../../../../arm-none-eabi/lib/armv7e-m\libg_s.a(lib_a-vfscanf_i.o)
 .debug_frame   0x000007b8       0x20 d:/kds/toolchain/bin/../lib/gcc/arm-none-eabi/4.8.4/../../../../arm-none-eabi/lib/armv7e-m\libg_s.a(lib_a-abs.o)
 .debug_frame   0x000007d8       0x28 d:/kds/toolchain/bin/../lib/gcc/arm-none-eabi/4.8.4/../../../../arm-none-eabi/lib/armv7e-m\libg_s.a(lib_a-div.o)
 .debug_frame   0x00000800      0x12c d:/kds/toolchain/bin/../lib/gcc/arm-none-eabi/4.8.4/../../../../arm-none-eabi/lib/armv7e-m\libg_s.a(lib_a-findfp.o)
 .debug_frame   0x0000092c       0x20 d:/kds/toolchain/bin/../lib/gcc/arm-none-eabi/4.8.4/../../../../arm-none-eabi/lib/armv7e-m\libg_s.a(lib_a-gettzinfo.o)
 .debug_frame   0x0000094c       0x20 d:/kds/toolchain/bin/../lib/gcc/arm-none-eabi/4.8.4/../../../../arm-none-eabi/lib/armv7e-m\libg_s.a(lib_a-labs.o)
 .debug_frame   0x0000096c       0x28 d:/kds/toolchain/bin/../lib/gcc/arm-none-eabi/4.8.4/../../../../arm-none-eabi/lib/armv7e-m\libg_s.a(lib_a-memchr-stub.o)
 .debug_frame   0x00000994       0x28 d:/kds/toolchain/bin/../lib/gcc/arm-none-eabi/4.8.4/../../../../arm-none-eabi/lib/armv7e-m\libg_s.a(lib_a-memcpy-stub.o)
 .debug_frame   0x000009bc       0x30 d:/kds/toolchain/bin/../lib/gcc/arm-none-eabi/4.8.4/../../../../arm-none-eabi/lib/armv7e-m\libg_s.a(lib_a-nano-reallocr.o)
 .debug_frame   0x000009ec       0x48 d:/kds/toolchain/bin/../lib/gcc/arm-none-eabi/4.8.4/../../../../arm-none-eabi/lib/armv7e-m\libg_s.a(lib_a-reent.o)
 .debug_frame   0x00000a34       0x30 d:/kds/toolchain/bin/../lib/gcc/arm-none-eabi/4.8.4/../../../../arm-none-eabi/lib/armv7e-m\libg_s.a(lib_a-sccl.o)
 .debug_frame   0x00000a64       0x58 d:/kds/toolchain/bin/../lib/gcc/arm-none-eabi/4.8.4/../../../../arm-none-eabi/lib/armv7e-m\libg_s.a(lib_a-snprintf.o)
 .debug_frame   0x00000abc       0x20 d:/kds/toolchain/bin/../lib/gcc/arm-none-eabi/4.8.4/../../../../arm-none-eabi/lib/armv7e-m\libg_s.a(lib_a-strcpy.o)
 .debug_frame   0x00000adc       0x54 d:/kds/toolchain/bin/../lib/gcc/arm-none-eabi/4.8.4/../../../../arm-none-eabi/lib/armv7e-m\libg_s.a(lib_a-strtol.o)
 .debug_frame   0x00000b30       0x88 d:/kds/toolchain/bin/../lib/gcc/arm-none-eabi/4.8.4/../../../../arm-none-eabi/lib/armv7e-m\libg_s.a(lib_a-svfprintf.o)
 .debug_frame   0x00000bb8       0x60 d:/kds/toolchain/bin/../lib/gcc/arm-none-eabi/4.8.4/../../../../arm-none-eabi/lib/armv7e-m\libg_s.a(lib_a-vfprintf_i.o)
 .debug_frame   0x00000c18       0x2c d:/kds/toolchain/bin/../lib/gcc/arm-none-eabi/4.8.4/../../../../arm-none-eabi/lib/armv7e-m\libg_s.a(lib_a-memmove.o)
 .debug_frame   0x00000c44       0x20 d:/kds/toolchain/bin/../lib/gcc/arm-none-eabi/4.8.4/../../../../arm-none-eabi/lib/armv7e-m\libg_s.a(lib_a-nano-msizer.o)
 .debug_frame   0x00000c64       0x20 d:/kds/toolchain/bin/../lib/gcc/arm-none-eabi/4.8.4/../../../../arm-none-eabi/lib/armv7e-m\libnosys.a(sbrk.o)
 .debug_frame   0x00000c84       0x20 d:/kds/toolchain/bin/../lib/gcc/arm-none-eabi/4.8.4/../../../../arm-none-eabi/lib/armv7e-m\libnosys.a(_exit.o)

.stabstr        0x00000000      0x149
 .stabstr       0x00000000      0x149 d:/kds/toolchain/bin/../lib/gcc/arm-none-eabi/4.8.4/../../../../arm-none-eabi/lib/armv7e-m\libnosys.a(close.o)
